!***************  OTDT CONTRIBUTION  ******************************************************** 

!-- Don't set version numbers for features, otherwise pdebuild would complain about a non-existent Basedir: -- 
feature@org.eclipse.objectteams.otdt=SVN,url=file://localhost/svnroot/tools/org.eclipse.objectteams,path=features/org.eclipse.objectteams.otdt.feature
feature@org.eclipse.objectteams.otdt.core.patch=SVN,url=file://localhost/svnroot/tools/org.eclipse.objectteams,path=features/org.eclipse.objectteams.otdt.core.patch
feature@org.eclipse.objectteams.otequinox=SVN,url=file://localhost/svnroot/tools/org.eclipse.objectteams,path=features/org.eclipse.objectteams.otequinox.feature

!-- Also don't use version numbers for those plugins that hold the various otre jars: --
plugin@org.eclipse.jdt.core,3.8.0.v_OTDT_r210_qualifier=SVN,url=file://localhost/svnroot/tools/org.eclipse.objectteams,path=plugins/org.eclipse.jdt.core

!next plug-in don't specify version so that org.eclipse.objectteams.runtime/customBuildCallbacks.xml will find the plug-in directory:
plugin@org.eclipse.objectteams.otdt=SVN,url=file://localhost/svnroot/tools/org.eclipse.objectteams,path=plugins/org.eclipse.objectteams.otdt,tag=tags/builds/201109201811

plugin@org.eclipse.objectteams.otdt.debug,2.0.0=SVN,url=file://localhost/svnroot/tools/org.eclipse.objectteams,path=plugins/org.eclipse.objectteams.otdt.debug,tag=tags/builds/201105161939
plugin@org.eclipse.objectteams.otdt.debug.ui,2.0.0=SVN,url=file://localhost/svnroot/tools/org.eclipse.objectteams,path=plugins/org.eclipse.objectteams.otdt.debug.ui,tag=tags/builds/201105161939
plugin@org.eclipse.objectteams.otdt.ui,2.1.0=SVN,url=file://localhost/svnroot/tools/org.eclipse.objectteams,path=plugins/org.eclipse.objectteams.otdt.ui,tag=tags/builds/201109201811
plugin@org.eclipse.objectteams.otdt.doc,2.1.0=SVN,url=file://localhost/svnroot/tools/org.eclipse.objectteams,path=plugins/org.eclipse.objectteams.otdt.doc,tag=tags/builds/201109201811
plugin@org.eclipse.objectteams.otdt.metrics,0.7.0=SVN,url=file://localhost/svnroot/tools/org.eclipse.objectteams,path=plugins/org.eclipse.objectteams.otdt.metrics,tag=tags/builds/201101290806

plugin@org.eclipse.objectteams.runtime=SVN,url=file://localhost/svnroot/tools/org.eclipse.objectteams,path=plugins/org.eclipse.objectteams.runtime,tag=tags/builds/201109201811
fragment@org.eclipse.objectteams.otequinox.hook,2.1.0=SVN,url=file://localhost/svnroot/tools/org.eclipse.objectteams,path=plugins/org.eclipse.objectteams.otequinox.hook
fragment@org.eclipse.objectteams.otequinox.sunjvm,2.0.0=SVN,url=file://localhost/svnroot/tools/org.eclipse.objectteams,path=plugins/org.eclipse.objectteams.otequinox.sunjvm,tag=tags/builds/201109201811
!the following is also referenced in otdt.doc/buildDoc.xml (plugin-name without version):
plugin@org.eclipse.objectteams.otequinox=SVN,url=file://localhost/svnroot/tools/org.eclipse.objectteams,path=plugins/org.eclipse.objectteams.otequinox,tag=tags/builds/201108142105
plugin@org.eclipse.objectteams.eclipse.monitor,2.0.0=SVN,url=file://localhost/svnroot/tools/org.eclipse.objectteams,path=plugins/org.eclipse.objectteams.eclipse.monitor,tag=tags/builds/201105161939

!not currently maintained:
!plugin@org.eclipse.objectteams.otdt.earlyui=SVN,url=file://localhost/svnroot/tools/org.eclipse.objectteams,path=plugins/org.eclipse.objectteams.otdt.earlyui
!plugin@org.eclipse.objectteams.otdt.metrics.export=SVN,url=file://localhost/svnroot/tools/org.eclipse.objectteams,path=plugins/org.eclipse.objectteams.otdt.metrics.export

!** OT/J Plugins **!
plugin@org.eclipse.objectteams.otequinox.branding,2.0.0=SVN,url=file://localhost/svnroot/tools/org.eclipse.objectteams,path=plugins/org.eclipse.objectteams.otequinox.branding,tag=tags/builds/201105161939
plugin@org.eclipse.objectteams.otdt.jdt.ui,2.1.0=SVN,url=file://localhost/svnroot/tools/org.eclipse.objectteams,path=plugins/org.eclipse.objectteams.otdt.jdt.ui
plugin@org.eclipse.objectteams.otdt.ui.help,2.1.0=SVN,url=file://localhost/svnroot/tools/org.eclipse.objectteams,path=plugins/org.eclipse.objectteams.otdt.ui.help,tag=tags/builds/201108142105
plugin@org.eclipse.objectteams.otdt.apt,2.0.0=SVN,url=file://localhost/svnroot/tools/org.eclipse.objectteams,path=plugins/org.eclipse.objectteams.otdt.apt,tag=tags/builds/201105161939
plugin@org.eclipse.objectteams.otdt.compiler.adaptor,2.1.0=SVN,url=file://localhost/svnroot/tools/org.eclipse.objectteams,path=plugins/org.eclipse.objectteams.otdt.compiler.adaptor,tag=tags/builds/201109201811
plugin@org.eclipse.objectteams.otdt.debug.adaptor,2.0.0=SVN,url=file://localhost/svnroot/tools/org.eclipse.objectteams,path=plugins/org.eclipse.objectteams.otdt.debug.adaptor,tag=tags/builds/201106070730
plugin@org.eclipse.objectteams.otdt.refactoring,2.0.0=SVN,url=file://localhost/svnroot/tools/org.eclipse.objectteams,path=plugins/org.eclipse.objectteams.otdt.refactoring,tag=tags/builds/201105161939
plugin@org.eclipse.objectteams.otdt.pde.ui,2.0.0=SVN,url=file://localhost/svnroot/tools/org.eclipse.objectteams,path=plugins/org.eclipse.objectteams.otdt.pde.ui,tag=tags/builds/201105161939
plugin@org.eclipse.objectteams.otdt.samples,2.1.0=SVN,url=file://localhost/svnroot/tools/org.eclipse.objectteams,path=plugins/org.eclipse.objectteams.otdt.samples,tag=tags/builds/201108142105

!** Consume BCEL from Orbit: **!
plugin@org.apache.bcel,5.2.0=p2IU,id=org.apache.bcel,version=5.2.0.v201005080400,repository=http://download.eclipse.org/tools/orbit/downloads/drops/R20110523182458/repository

!***************  OTDT Test CONTRIBUTION  ******************************************************** 


feature@org.eclipse.objectteams.otdt-tests=SVN,url=file://localhost/svnroot/tools/org.eclipse.objectteams/,path=features/org.eclipse.objectteams.otdt.feature/unit-tests-feature

plugin@org.eclipse.jdt.core.tests.compiler=SVN,url=file://localhost/svnroot/tools/org.eclipse.objectteams/,path=testplugins/org.eclipse.jdt.core.tests.compiler
plugin@org.eclipse.jdt.core.tests.model=SVN,url=file://localhost/svnroot/tools/org.eclipse.objectteams/,path=testplugins/org.eclipse.jdt.core.tests.model
plugin@org.eclipse.objectteams.otdt.tests,0.7.0=SVN,url=file://localhost/svnroot/tools/org.eclipse.objectteams/,path=testplugins/org.eclipse.objectteams.otdt.tests
plugin@org.eclipse.objectteams.otdt.ui.tests.dom,0.7.0=SVN,url=file://localhost/svnroot/tools/org.eclipse.objectteams/,path=testplugins/org.eclipse.objectteams.otdt.ui.tests.dom
plugin@org.eclipse.objectteams.otdt.debug.tests,0.7.0=SVN,url=file://localhost/svnroot/tools/org.eclipse.objectteams/,path=testplugins/org.eclipse.objectteams.otdt.debug.tests
plugin@org.eclipse.objectteams.otdt.ui.tests.refactoring,0.7.0=SVN,url=file://localhost/svnroot/tools/org.eclipse.objectteams/,path=testplugins/org.eclipse.objectteams.otdt.ui.tests.refactoring

!** OT/J Test Plugins **!
plugin@org.eclipse.objectteams.otdt.test.builder,0.7.0=SVN,url=file://localhost/svnroot/tools/org.eclipse.objectteams/,path=testplugins/org.eclipse.objectteams.otdt.test.builder
plugin@org.eclipse.objectteams.otdt.ui.tests,0.7.0=SVN,url=file://localhost/svnroot/tools/org.eclipse.objectteams/,path=testplugins/org.eclipse.objectteams.otdt.ui.tests

!-- Tests fetched from original CVS (some are required indirectly by jdt.ui.tests): --
!   (these lines are generated from SDK map file using processSDKmap.sh)
plugin@org.eclipse.jdt.core.tests.builder=GIT,tag=v_C17,repo=git://git.eclipse.org/gitroot/jdt/eclipse.jdt.core.git,path=org.eclipse.jdt.core.tests.builder
plugin@org.eclipse.jdt.debug.tests=GIT,tag=v20111024-1547,repo=git://git.eclipse.org/gitroot/jdt/eclipse.jdt.debug.git,path=org.eclipse.jdt.debug.tests
plugin@org.eclipse.jdt.ui.tests=GIT,tag=v20111024-1705,repo=git://git.eclipse.org/gitroot/jdt/eclipse.jdt.ui.git,path=org.eclipse.jdt.ui.tests
plugin@org.eclipse.jdt.ui.tests.refactoring=GIT,tag=v20111024-1705,repo=git://git.eclipse.org/gitroot/jdt/eclipse.jdt.ui.git,path=org.eclipse.jdt.ui.tests.refactoring
plugin@org.eclipse.jdt.text.tests=GIT,tag=v20111024-1705,repo=git://git.eclipse.org/gitroot/jdt/eclipse.jdt.ui.git,path=org.eclipse.jdt.text.tests
plugin@org.eclipse.jface.text.tests=GIT,tag=v20111024-1515,repo=git://git.eclipse.org/gitroot/platform/eclipse.platform.text.git,path=org.eclipse.jface.text.tests
plugin@org.eclipse.text.tests=GIT,tag=v20111024-1515,repo=git://git.eclipse.org/gitroot/platform/eclipse.platform.text.git,path=org.eclipse.text.tests
plugin@org.eclipse.core.filebuffers.tests=GIT,tag=v20111024-1515,repo=git://git.eclipse.org/gitroot/platform/eclipse.platform.text.git,path=org.eclipse.core.filebuffers.tests

