!***************  OTDT CONTRIBUTION  ******************************************************** 

feature@org.eclipse.objectteams.otdt=SVN,url=svn://localhost/svnroot/tools/org.eclipse.objectteams,path=features/org.eclipse.objectteams.otdt.feature
feature@org.eclipse.objectteams.otdt.core.patch=SVN,url=svn://localhost/svnroot/tools/org.eclipse.objectteams,path=features/org.eclipse.objectteams.otdt.core.patch
feature@org.eclipse.objectteams.otequinox=SVN,url=svn://localhost/svnroot/tools/org.eclipse.objectteams,path=features/org.eclipse.objectteams.otequinox.feature

plugin@org.eclipse.jdt.core,3.6.0.v_OTDT_r070_qualifier=SVN,url=svn://localhost/svnroot/tools/org.eclipse.objectteams,path=src/plugins/org.eclipse.jdt.core
plugin@org.eclipse.objectteams.otdt=SVN,url=svn://localhost/svnroot/tools/org.eclipse.objectteams,path=src/plugins/org.eclipse.objectteams.otdt
plugin@org.eclipse.objectteams.runtime=SVN,url=svn://localhost/svnroot/tools/org.eclipse.objectteams,path=src/plugins/org.eclipse.objectteams.runtime
plugin@org.eclipse.objectteams.otdt.debug=SVN,url=svn://localhost/svnroot/tools/org.eclipse.objectteams,path=src/plugins/org.eclipse.objectteams.otdt.debug
plugin@org.eclipse.objectteams.otdt.debug.ui=SVN,url=svn://localhost/svnroot/tools/org.eclipse.objectteams,path=src/plugins/org.eclipse.objectteams.otdt.debug.ui
plugin@org.eclipse.objectteams.otdt.ui=SVN,url=svn://localhost/svnroot/tools/org.eclipse.objectteams,path=src/plugins/org.eclipse.objectteams.otdt.ui
plugin@org.eclipse.objectteams.otdt.ui.help=SVN,url=svn://localhost/svnroot/tools/org.eclipse.objectteams,path=src/plugins/org.eclipse.objectteams.otdt.ui.help
plugin@org.eclipse.objectteams.otdt.metrics=SVN,url=svn://localhost/svnroot/tools/org.eclipse.objectteams,path=src/plugins/org.eclipse.objectteams.otdt.metrics

fragment@org.eclipse.objectteams.otequinox.runtime=SVN,url=svn://localhost/svnroot/tools/org.eclipse.objectteams,path=src/plugins/org.eclipse.objectteams.otequinox.runtime
fragment@org.eclipse.objectteams.otequinox.hook=SVN,url=svn://localhost/svnroot/tools/org.eclipse.objectteams,path=src/plugins/org.eclipse.objectteams.otequinox.hook
fragment@org.eclipse.objectteams.otequinox.sunjvm=SVN,url=svn://localhost/svnroot/tools/org.eclipse.objectteams,path=src/plugins/org.eclipse.objectteams.otequinox.sunjvm
plugin@org.eclipse.objectteams.otequinox=SVN,url=svn://localhost/svnroot/tools/org.eclipse.objectteams,path=src/plugins/org.eclipse.objectteams.otequinox
plugin@org.eclipse.objectteams.eclipse.monitor=SVN,url=svn://localhost/svnroot/tools/org.eclipse.objectteams,path=src/plugins/org.eclipse.objectteams.eclipse.monitor

!not currently maintained:
!plugin@org.eclipse.objectteams.otdt.earlyui=SVN,url=svn://localhost/svnroot/tools/org.eclipse.objectteams,path=src/plugins/org.eclipse.objectteams.otdt.earlyui
!plugin@org.eclipse.objectteams.otdt.metrics.export=SVN,url=svn://localhost/svnroot/tools/org.eclipse.objectteams,path=src/plugins/org.eclipse.objectteams.otdt.metrics.export

!** OT/J Plugins **!
plugin@org.eclipse.objectteams.otequinox.branding=SVN,url=svn://localhost/svnroot/tools/org.eclipse.objectteams,path=src/otplugins/org.eclipse.objectteams.otequinox.branding
plugin@org.eclipse.objectteams.jdt.ui=SVN,url=svn://localhost/svnroot/tools/org.eclipse.objectteams,path=src/otplugins/org.eclipse.objectteams.jdt.ui
plugin@org.eclipse.objectteams.otdt.apt=SVN,url=svn://localhost/svnroot/tools/org.eclipse.objectteams,path=src/otplugins/org.eclipse.objectteams.otdt.apt
plugin@org.eclipse.objectteams.otdt.compiler.adaptor=SVN,url=svn://localhost/svnroot/tools/org.eclipse.objectteams,path=src/otplugins/org.eclipse.objectteams.otdt.compiler.adaptor
plugin@org.eclipse.objectteams.otdt.debug.adaptor=SVN,url=svn://localhost/svnroot/tools/org.eclipse.objectteams,path=src/otplugins/org.eclipse.objectteams.otdt.debug.adaptor
plugin@org.eclipse.objectteams.otdt.refactoring=SVN,url=svn://localhost/svnroot/tools/org.eclipse.objectteams,path=src/otplugins/org.eclipse.objectteams.otdt.refactoring
plugin@org.eclipse.objectteams.otdt.pde.ui=SVN,url=svn://localhost/svnroot/tools/org.eclipse.objectteams,path=src/otplugins/org.eclipse.objectteams.otdt.pde.ui
plugin@org.eclipse.objectteams.otdt.samples=SVN,url=svn://localhost/svnroot/tools/org.eclipse.objectteams,path=src/otplugins/org.eclipse.objectteams.otdt.samples


!***************  OTDT Test CONTRIBUTION  ******************************************************** 


feature@org.eclipse.objectteams.otdt-tests=SVN,url=svn://localhost/svnroot/tools/org.eclipse.objectteams/,path=deployment/OTFeature/unit-tests-feature

plugin@org.eclipse.jdt.core.tests.builder=SVN,url=svn://localhost/svnroot/tools/org.eclipse.objectteams/,path=src/testplugins/org.eclipse.jdt.core.tests.builder
plugin@org.eclipse.jdt.core.tests.compiler=SVN,url=svn://localhost/svnroot/tools/org.eclipse.objectteams/,path=src/testplugins/org.eclipse.jdt.core.tests.compiler
plugin@org.eclipse.jdt.core.tests.model=SVN,url=svn://localhost/svnroot/tools/org.eclipse.objectteams/,path=src/testplugins/org.eclipse.jdt.core.tests.model
plugin@org.eclipse.jdt.debug.tests=SVN,url=svn://localhost/svnroot/tools/org.eclipse.objectteams/,path=src/testplugins/org.eclipse.jdt.debug.tests
plugin@org.eclipse.jdt.ui.tests=SVN,url=svn://localhost/svnroot/tools/org.eclipse.objectteams/,path=src/testplugins/org.eclipse.jdt.ui.tests
plugin@org.eclipse.jdt.ui.tests.refactoring=SVN,url=svn://localhost/svnroot/tools/org.eclipse.objectteams/,path=src/testplugins/org.eclipse.jdt.ui.tests.refactoring
plugin@org.eclipse.test.performance=SVN,url=svn://localhost/svnroot/tools/org.eclipse.objectteams/,path=src/testplugins/org.eclipse.test.performance
plugin@org.eclipse.objectteams.otdt.tests=SVN,url=svn://localhost/svnroot/tools/org.eclipse.objectteams/,path=src/testplugins/org.eclipse.objectteams.otdt.tests
plugin@org.eclipse.objectteams.otdt.ui.tests.dom=SVN,url=svn://localhost/svnroot/tools/org.eclipse.objectteams/,path=src/testplugins/org.eclipse.objectteams.otdt.ui.tests.dom
plugin@org.eclipse.objectteams.otdt.debug.tests=SVN,url=svn://localhost/svnroot/tools/org.eclipse.objectteams/,path=src/testplugins/org.eclipse.objectteams.otdt.debug.tests
plugin@org.eclipse.objectteams.otdt.ui.tests.refactoring=SVN,url=svn://localhost/svnroot/tools/org.eclipse.objectteams/,path=src/testplugins/org.eclipse.objectteams.otdt.ui.tests.refactoring

!** OT/J Test Plugins **!
plugin@org.eclipse.objectteams.otdt.test.builder=SVN,url=svn://localhost/svnroot/tools/org.eclipse.objectteams/,path=src/ottestplugins/org.eclipse.objectteams.otdt.test.builder
plugin@org.eclipse.objectteams.otdt.ui.tests=SVN,url=svn://localhost/svnroot/tools/org.eclipse.objectteams/,path=src/testplugins/org.eclipse.objectteams.otdt.ui.tests
