!***************  OTDT CONTRIBUTION  ******************************************************** 

!-- Don't set version numbers for features, otherwise pdebuild would complain about a non-existent Basedir: -- 
feature@org.eclipse.objectteams.otdt=SVN,url=svn://build/svnroot/tools/org.eclipse.objectteams,path=features/org.eclipse.objectteams.otdt.feature
feature@org.eclipse.objectteams.otdt.core.patch=SVN,url=svn://build/svnroot/tools/org.eclipse.objectteams,path=features/org.eclipse.objectteams.otdt.core.patch
feature@org.eclipse.objectteams.otequinox=SVN,url=svn://build/svnroot/tools/org.eclipse.objectteams,path=features/org.eclipse.objectteams.otequinox.feature,tag=tags/builds/201005291758

!-- Also don't use version numbers for those plugins that hold the various otre jars: --
plugin@org.eclipse.jdt.core,3.6.0.v_OTDT_r070_qualifier=SVN,url=svn://build/svnroot/tools/org.eclipse.objectteams,path=plugins/org.eclipse.jdt.core
plugin@org.eclipse.objectteams.otdt=SVN,url=svn://build/svnroot/tools/org.eclipse.objectteams,path=plugins/org.eclipse.objectteams.otdt
plugin@org.eclipse.objectteams.otdt.debug,0.7.0=SVN,url=svn://build/svnroot/tools/org.eclipse.objectteams,path=plugins/org.eclipse.objectteams.otdt.debug,tag=tags/builds/201005062059
plugin@org.eclipse.objectteams.otdt.debug.ui,0.7.0=SVN,url=svn://build/svnroot/tools/org.eclipse.objectteams,path=plugins/org.eclipse.objectteams.otdt.debug.ui,tag=tags/builds/201005062059
plugin@org.eclipse.objectteams.otdt.ui,0.7.0=SVN,url=svn://build/svnroot/tools/org.eclipse.objectteams,path=plugins/org.eclipse.objectteams.otdt.ui
plugin@org.eclipse.objectteams.otdt.ui.help,0.7.0=SVN,url=svn://build/svnroot/tools/org.eclipse.objectteams,path=plugins/org.eclipse.objectteams.otdt.ui.help,tag=tags/builds/201005291758
plugin@org.eclipse.objectteams.otdt.metrics,0.7.0=SVN,url=svn://build/svnroot/tools/org.eclipse.objectteams,path=plugins/org.eclipse.objectteams.otdt.metrics

plugin@org.eclipse.objectteams.runtime=SVN,url=svn://build/svnroot/tools/org.eclipse.objectteams,path=plugins/org.eclipse.objectteams.runtime,tag=tags/builds/201005291758
fragment@org.eclipse.objectteams.otequinox.hook,0.7.0=SVN,url=svn://build/svnroot/tools/org.eclipse.objectteams,path=plugins/org.eclipse.objectteams.otequinox.hook,tag=tags/builds/201005291758
fragment@org.eclipse.objectteams.otequinox.sunjvm,0.7.0=SVN,url=svn://build/svnroot/tools/org.eclipse.objectteams,path=plugins/org.eclipse.objectteams.otequinox.sunjvm,tag=tags/builds/201005062059
!the following is also referenced in otdt.ui.help/buildDoc.xml:
plugin@org.eclipse.objectteams.otequinox=SVN,url=svn://build/svnroot/tools/org.eclipse.objectteams,path=plugins/org.eclipse.objectteams.otequinox,tag=tags/builds/201005291758
plugin@org.eclipse.objectteams.eclipse.monitor,0.7.0=SVN,url=svn://build/svnroot/tools/org.eclipse.objectteams,path=plugins/org.eclipse.objectteams.eclipse.monitor,tag=tags/builds/201005062059

!not currently maintained:
!plugin@org.eclipse.objectteams.otdt.earlyui=SVN,url=svn://build/svnroot/tools/org.eclipse.objectteams,path=plugins/org.eclipse.objectteams.otdt.earlyui
!plugin@org.eclipse.objectteams.otdt.metrics.export=SVN,url=svn://build/svnroot/tools/org.eclipse.objectteams,path=plugins/org.eclipse.objectteams.otdt.metrics.export

!** OT/J Plugins **!
plugin@org.eclipse.objectteams.otequinox.branding,0.7.0=SVN,url=svn://build/svnroot/tools/org.eclipse.objectteams,path=plugins/org.eclipse.objectteams.otequinox.branding,tag=tags/builds/201005062059
plugin@org.eclipse.objectteams.otdt.jdt.ui,0.7.0=SVN,url=svn://build/svnroot/tools/org.eclipse.objectteams,path=plugins/org.eclipse.objectteams.otdt.jdt.ui,tag=tags/builds/201005291758
plugin@org.eclipse.objectteams.otdt.apt,0.7.0=SVN,url=svn://build/svnroot/tools/org.eclipse.objectteams,path=plugins/org.eclipse.objectteams.otdt.apt,tag=tags/builds/201005062059
plugin@org.eclipse.objectteams.otdt.compiler.adaptor,0.7.0=SVN,url=svn://build/svnroot/tools/org.eclipse.objectteams,path=plugins/org.eclipse.objectteams.otdt.compiler.adaptor,tag=tags/builds/201005291758
plugin@org.eclipse.objectteams.otdt.debug.adaptor,0.7.0=SVN,url=svn://build/svnroot/tools/org.eclipse.objectteams,path=plugins/org.eclipse.objectteams.otdt.debug.adaptor,tag=tags/builds/201005291758
plugin@org.eclipse.objectteams.otdt.refactoring,0.7.0=SVN,url=svn://build/svnroot/tools/org.eclipse.objectteams,path=plugins/org.eclipse.objectteams.otdt.refactoring,tag=tags/builds/201005062059
plugin@org.eclipse.objectteams.otdt.pde.ui,0.7.0=SVN,url=svn://build/svnroot/tools/org.eclipse.objectteams,path=plugins/org.eclipse.objectteams.otdt.pde.ui,tag=tags/builds/201005291758
plugin@org.eclipse.objectteams.otdt.samples,0.7.0=SVN,url=svn://build/svnroot/tools/org.eclipse.objectteams,path=plugins/org.eclipse.objectteams.otdt.samples,tag=tags/builds/201005291758


!***************  OTDT Test CONTRIBUTION  ******************************************************** 


feature@org.eclipse.objectteams.otdt-tests=SVN,url=svn://build/svnroot/tools/org.eclipse.objectteams/,path=features/org.eclipse.objectteams.otdt.feature/unit-tests-feature

plugin@org.eclipse.jdt.core.tests.compiler,3.3.100=SVN,url=svn://build/svnroot/tools/org.eclipse.objectteams/,path=testplugins/org.eclipse.jdt.core.tests.compiler
plugin@org.eclipse.jdt.core.tests.model,3.3.100=SVN,url=svn://build/svnroot/tools/org.eclipse.objectteams/,path=testplugins/org.eclipse.jdt.core.tests.model
plugin@org.eclipse.jdt.ui.tests,3.6.0=SVN,url=svn://build/svnroot/tools/org.eclipse.objectteams/,path=testplugins/org.eclipse.jdt.ui.tests
plugin@org.eclipse.jdt.ui.tests.refactoring,3.6.0=SVN,url=svn://build/svnroot/tools/org.eclipse.objectteams/,path=testplugins/org.eclipse.jdt.ui.tests.refactoring
plugin@org.eclipse.objectteams.otdt.tests,0.7.0=SVN,url=svn://build/svnroot/tools/org.eclipse.objectteams/,path=testplugins/org.eclipse.objectteams.otdt.tests
plugin@org.eclipse.objectteams.otdt.ui.tests.dom,0.7.0=SVN,url=svn://build/svnroot/tools/org.eclipse.objectteams/,path=testplugins/org.eclipse.objectteams.otdt.ui.tests.dom
plugin@org.eclipse.objectteams.otdt.debug.tests,0.7.0=SVN,url=svn://build/svnroot/tools/org.eclipse.objectteams/,path=testplugins/org.eclipse.objectteams.otdt.debug.tests
plugin@org.eclipse.objectteams.otdt.ui.tests.refactoring,0.7.0=SVN,url=svn://build/svnroot/tools/org.eclipse.objectteams/,path=testplugins/org.eclipse.objectteams.otdt.ui.tests.refactoring
!--no longer used from OT-branch ...
!plugin@org.eclipse.test.performance=SVN,url=svn://build/svnroot/tools/org.eclipse.objectteams/,path=testplugins/org.eclipse.test.performance
!plugin@org.eclipse.jdt.core.tests.builder=SVN,url=svn://build/svnroot/tools/org.eclipse.objectteams/,path=testplugins/org.eclipse.jdt.core.tests.builder
!plugin@org.eclipse.jdt.debug.tests=SVN,url=svn://build/svnroot/tools/org.eclipse.objectteams/,path=testplugins/org.eclipse.jdt.debug.tests

!-- .. but from original CVS:
plugin@org.eclipse.jdt.core.tests.builder=v_A56,/cvsroot/eclipse,
plugin@org.eclipse.jdt.debug.tests=v20100505,/cvsroot/eclipse,

!-- not compiled but taken from org.eclipse.test:
!plugin@org.eclipse.test.performance=v20100122,/cvsroot/eclipse,
!plugin@org.eclipse.ant.optional.junit=v20080717,/cvsroot/eclipse,



!** OT/J Test Plugins **!
plugin@org.eclipse.objectteams.otdt.test.builder,0.7.0=SVN,url=svn://build/svnroot/tools/org.eclipse.objectteams/,path=testplugins/org.eclipse.objectteams.otdt.test.builder
plugin@org.eclipse.objectteams.otdt.ui.tests,0.7.0=SVN,url=svn://build/svnroot/tools/org.eclipse.objectteams/,path=testplugins/org.eclipse.objectteams.otdt.ui.tests
